[www.greetingsisland.com/eCard/sighmk2uwuj0.html]
[backblue.gif]
[fade.gif]
[index.html]
[www.greetingsisland.com/cdn-cgi/apps/head/_dG2zdkxWEjd0YpkTJJbYqypmlc.js]
[pagead2.googlesyndication.com/pagead/js/f.txt]
[www.greetingsisland.com/bundles/gi.ads20d9.js]
[www.greetingsisland.com/Scripts/gi/hbnew.js]
[s.pinimg.com/ct/core.js]
[online.images.greetingsisland.com/Ecards/d34b2ace-f5ed-4149-8468-37572bf9852c.jpg]
[www.greetingsisland.com/Content/theme.min6955.css]
[www.greetingsisland.com/Content/css/3dcards-portrait535e.css]
[connect.facebook.net/en_US/fbevents.js]
[static.greetingsisland.com/images/theme/topmenu/back_to_school_Invitesb447.png]
[static.greetingsisland.com/images/theme/topmenu/birthday_banner_cardsb447.png]
[www.greetingsisland.com/images/theme/now_loading_2.0.gif]
[static.greetingsisland.com/images/theme/envelopes/envelope_backb447.png]
[static.greetingsisland.com/images/theme/envelopes/envelope_frontb447.png]
[www.greetingsisland.com/images/theme/drag.png]
[www.greetingsisland.com/images/theme/left.png]
[images.greetingsisland.com/images/announcements/graduate/cosmicstar_1.png]
[www.greetingsisland.com/images/theme/blank_portrait.png]
[www.greetingsisland.com/images/theme/blank_back_portrait.png]
[s7.addthis.com/js/300/addthis_widget.js]
[ajax.googleapis.com/ajax/libs/jquery/1.12.3/jquery.min.js]
[www.greetingsisland.com/bundles/jquery.js]
[www.greetingsisland.com/bundles/jqueryval1f93.js]
[www.greetingsisland.com/bundles/libs005f.js]
[www.greetingsisland.com/bundles/gi3056.js]
[www.greetingsisland.com/Scripts/gi/web-components/gicomponents/gicomponents.esm43a0.js]
[www.greetingsisland.com/Scripts/dist/runtime-bundle-8d1c6ba2792ccd32ff98.js]
[www.greetingsisland.com/Scripts/dist/vendors-chunk-dc10f4d581b0dab7f772.js]
[www.greetingsisland.com/Scripts/dist/main-chunk-be06d98faa3b4154b291.js]
[www.greetingsisland.com/bundles/3dcard69f0.js]
[www.greetingsisland.com/Scripts/jspdf.min.js]
[www.greetingsisland.com/Scripts/gi/gi.cardDownload.js]
[www.greetingsisland.com/Scripts/slick.min.js]
[static.zdassets.com/ekr/snippete409.js]
[www.greetingsisland.com/eCard/sighmk2uwuj0.html]
[static.cloudflareinsights.com/beacon.min.js]
[www.greetingsisland.com/Content/css/ajax-loader.gif]
[www.greetingsisland.com/content/css/slider-arrows.svg]
[www.greetingsisland.com/content/css/webfonts/32985D_0_0.eot]
[www.greetingsisland.com/content/css/webfonts/32985D_0_0d41d.eot]
[www.greetingsisland.com/content/css/webfonts/32985D_0_0.woff2]
[www.greetingsisland.com/content/css/webfonts/32985D_0_0.woff]
[www.greetingsisland.com/content/css/webfonts/32985D_0_0.ttf]
[www.greetingsisland.com/Content/theme.min6955.css]
[www.greetingsisland.com/Content/css/3dcards-portrait535e.css]
[www.greetingsisland.com/content/css/webfonts/32985D_0_0.svg]
[www.greetingsisland.com/eCard/c.html]
[www.greetingsisland.com/eCard/b.html]
[connect.facebook.net/en_US/fbevents.js]
[www.greetingsisland.com/content/css/slider-arrows.svg]
[www.greetingsisland.com/content/css/webfonts/32985D_0_0.svg]
[www.greetingsisland.com/eCard/POST.html]
[www.greetingsisland.com/Content/css/3dcards-0.css]
[www.greetingsisland.com/eCard/c.html]
[www.greetingsisland.com/eCard/b.html]
[www.greetingsisland.com/eCard/POST.html]
[www.greetingsisland.com/Content/css/3dcards-0.html]
